[2026-09-28 11:51:25,647] [mac] 34156: [INFO] Getting wav segments: data/interim/henry_takes/tmp/clip30.wav
[2026-09-28 11:51:36,930] [mac] 34156: [INFO] Skipping audio chunk 0 (silence): data/interim/henry_takes/tmp/clip30.wav
[2026-09-28 11:52:05,838] [mac] 36998: [INFO] Getting wav segments: data/raw/henry_takes/01_JgKzzeyn65g_Op27 no2 kawai sk7.wav
[2026-09-28 11:52:09,032] [mac] 36998: [INFO] Skipping audio chunk 0 (silence): data/raw/henry_takes/01_JgKzzeyn65g_Op27 no2 kawai sk7.wav
[2026-09-28 11:53:54,693] [mac] 36998: [DEBUG] Seen silent intervals in audio chunk 34: [(19968, 29984)]
[2026-09-28 11:53:54,694] [mac] 36998: [INFO] Seen eos_tok in audio chunk 34: data/raw/henry_takes/01_JgKzzeyn65g_Op27 no2 kawai sk7.wav
[2026-09-28 11:53:54,722] [mac] 36998: [INFO] Getting wav segments: data/raw/henry_takes/02_c7vUnGEdrzs_Waltz op64 no2 kawai sk7.wav
[2026-09-28 11:55:37,020] [mac] 36998: [DEBUG] Seen silent intervals in audio chunk 22: [(19168, 29984)]
[2026-09-28 11:55:37,053] [mac] 36998: [INFO] Getting wav segments: data/raw/henry_takes/03_4pcy86_HiDE_Noc op9 no3 kawai sk7.wav
[2026-09-28 11:58:15,856] [mac] 36998: [DEBUG] Seen silent intervals in audio chunk 34: [(21952, 29984)]
[2026-09-28 11:58:15,856] [mac] 36998: [INFO] Removed tokens (749 -> 730) in audio chunk 34 according to silence in intervals: [(21952, 29984)]
[2026-09-28 11:58:16,944] [mac] 36998: [DEBUG] Seen silent intervals in audio chunk 35: [(11968, 29984)]
[2026-09-28 11:58:16,945] [mac] 36998: [INFO] Removed tokens (383 -> 283) in audio chunk 35 according to silence in intervals: [(11968, 29984)]
[2026-09-28 11:58:16,991] [mac] 36998: [INFO] Getting wav segments: data/raw/henry_takes/04_w2C4qbHoB6o_Noc C# minor kawai sk7.wav
[2026-09-28 11:59:35,241] [mac] 36998: [DEBUG] Seen silent intervals in audio chunk 18: [(24160, 29984)]
[2026-09-28 11:59:36,517] [mac] 36998: [DEBUG] Seen silent intervals in audio chunk 19: [(14144, 29984)]
[2026-09-28 11:59:36,536] [mac] 36998: [INFO] Getting wav segments: data/raw/henry_takes/05_Z2MQE0hjGNo_Noc op9 no1 kawai sk7.wav
[2026-09-28 12:01:31,643] [mac] 36998: [DEBUG] Seen silent intervals in audio chunk 29: [(17344, 29984)]
[2026-09-28 12:01:31,643] [mac] 36998: [INFO] Seen eos_tok in audio chunk 29: data/raw/henry_takes/05_Z2MQE0hjGNo_Noc op9 no1 kawai sk7.wav
[2026-09-28 12:01:42,960] [mac] 44221: [INFO] Getting wav segments: data/interim/henry_takes/controlled/op27no2/clean.wav
[2026-09-28 12:03:49,683] [mac] 44221: [DEBUG] Seen silent intervals in audio chunk 33: [(22240, 29984)]
[2026-09-28 12:03:49,962] [mac] 44221: [DEBUG] Seen silent intervals in audio chunk 34: [(12256, 29984)]
[2026-09-28 12:03:49,991] [mac] 44221: [INFO] Getting wav segments: data/interim/henry_takes/controlled/op27no2/phone.wav
[2026-09-28 12:05:41,007] [mac] 44221: [DEBUG] Seen silent intervals in audio chunk 34: [(15168, 29984)]
[2026-09-28 12:05:41,007] [mac] 44221: [DEBUG] Adjusted offset of ('pedal', 0), ('onset', 15170) -> 15168
[2026-09-28 12:05:41,007] [mac] 44221: [INFO] Removed tokens (623 -> 277) in audio chunk 34 according to silence in intervals: [(15168, 29984)]
[2026-09-28 12:05:43,090] [mac] 45430: [INFO] Getting wav segments: data/interim/henry_takes/controlled/op9no3/clean.wav
[2026-09-28 12:08:01,904] [mac] 45430: [DEBUG] Seen silent intervals in audio chunk 33: [(18240, 29984)]
[2026-09-28 12:08:01,904] [mac] 45430: [DEBUG] Adjusted offset of ('pedal', 0), ('onset', 18260) -> 18240
[2026-09-28 12:08:01,904] [mac] 45430: [INFO] Removed tokens (368 -> 340) in audio chunk 33 according to silence in intervals: [(18240, 29984)]
[2026-09-28 12:08:33,853] [mac] 45430: [DEBUG] Seen silent intervals in audio chunk 34: [(8352, 29984)]
[2026-09-28 12:08:33,854] [mac] 45430: [DEBUG] Invalid token sequence ('off', 51), <E>
[2026-09-28 12:08:33,854] [mac] 45430: [INFO] Removed tokens (3125 -> 184) in audio chunk 34 according to silence in intervals: [(8352, 29984)]
[2026-09-28 12:08:33,854] [mac] 45430: [INFO] Seen eos_tok in audio chunk 34: data/interim/henry_takes/controlled/op9no3/clean.wav
[2026-09-28 12:08:33,854] [mac] 45430: [INFO] Skipping audio chunk 34 (silence): data/interim/henry_takes/controlled/op9no3/clean.wav
[2026-09-28 12:08:33,902] [mac] 45430: [INFO] Getting wav segments: data/interim/henry_takes/controlled/op9no3/phone.wav
[2026-09-28 12:10:44,889] [mac] 45430: [DEBUG] Seen silent intervals in audio chunk 33: [(21184, 29984)]
[2026-09-28 12:11:22,311] [mac] 45430: [WARNING] Context length overflow when transcribing segment(s)
[2026-09-28 12:11:22,312] [mac] 45430: [DEBUG] Seen silent intervals in audio chunk 34: [(11200, 29984)]
[2026-09-28 12:11:22,312] [mac] 45430: [DEBUG] Invalid token sequence ('off', 51), <P>
[2026-09-28 12:11:22,312] [mac] 45430: [INFO] Removed tokens (4096 -> 825) in audio chunk 34 according to silence in intervals: [(11200, 29984)]
[2026-09-28 12:11:24,336] [mac] 47149: [INFO] Getting wav segments: data/interim/henry_takes/controlled/op_posth/clean.wav
[2026-09-28 12:12:17,440] [mac] 47149: [DEBUG] Seen silent intervals in audio chunk 22: [(20256, 29984)]
[2026-09-28 12:12:22,860] [mac] 47149: [DEBUG] Seen silent intervals in audio chunk 23: [(13536, 29984)]
[2026-09-28 12:12:22,860] [mac] 47149: [DEBUG] Invalid token sequence ('off', 83), <E>
[2026-09-28 12:12:22,860] [mac] 47149: [INFO] Removed tokens (530 -> 21) in audio chunk 23 according to silence in intervals: [(13536, 29984)]
[2026-09-28 12:12:22,860] [mac] 47149: [INFO] Seen eos_tok in audio chunk 23: data/interim/henry_takes/controlled/op_posth/clean.wav
[2026-09-28 12:12:22,874] [mac] 47149: [INFO] Getting wav segments: data/interim/henry_takes/controlled/op_posth/phone.wav
[2026-09-28 12:13:18,552] [mac] 47149: [DEBUG] Seen silent intervals in audio chunk 23: [(15616, 29984)]
[2026-09-28 12:13:18,552] [mac] 47149: [INFO] Removed tokens (427 -> 395) in audio chunk 23 according to silence in intervals: [(15616, 29984)]
