== gen_frozen_p95: 2026-10-06T01:56:55Z
C:\Users\Vuduc\r07\src\SyMuPe\symupe\data\tokenizers\midi_tokenizer.py:630: UserWarning: Attribute controls are not compatible with 'config.one_token_stream_for_programs' and multi-vocabulary tokenizers. Disabling them from the config.
  return getattr(miditok_module, tokenization)(params=params_path)
bach_bwv852_fugue: 904 notes, 13.4 s (14.8 ms/note)
bach_bwv852_prelude: 1412 notes, 18.1 s (12.8 ms/note)
bach_bwv859_fugue: 856 notes, 10.5 s (12.3 ms/note)
bach_bwv861_fugue: 746 notes, 9.2 s (12.3 ms/note)
bach_bwv861_prelude: 803 notes, 10.0 s (12.4 ms/note)
bach_bwv882_prelude: 1449 notes, 18.7 s (12.9 ms/note)
bach_bwv910: 3002 notes, 38.8 s (12.9 ms/note)
bach_bwv912: 3000 notes, 38.7 s (12.9 ms/note)
bach_bwv913: 3000 notes, 38.9 s (13.0 ms/note)
bach_bwv915: 3001 notes, 39.1 s (13.0 ms/note)
bach_bwv916: 3000 notes, 39.0 s (13.0 ms/note)
chaminade_op61: 2377 notes, 30.6 s (12.9 ms/note)
chopin_op33_no3: 527 notes, 6.3 s (12.0 ms/note)
chopin_op67_no1: 796 notes, 9.8 s (12.3 ms/note)
chopin_op6_no3: 1348 notes, 16.9 s (12.6 ms/note)
clementi_op36_no2: 2084 notes, 26.5 s (12.7 ms/note)
clementi_op36_no3: 2043 notes, 25.9 s (12.7 ms/note)
duvernoy_op176_no18: 414 notes, 4.8 s (11.5 ms/note)
grieg_op54_no2: 1824 notes, 23.0 s (12.6 ms/note)
kuhlau_op55_no1: 1644 notes, 20.7 s (12.6 ms/note)
liszt_s207: 452 notes, 5.3 s (11.7 ms/note)
lyadov_op11_no1: 1047 notes, 13.0 s (12.4 ms/note)
mendelssohn_op38_no3: 1731 notes, 21.8 s (12.6 ms/note)
mendelssohn_op38_no4: 767 notes, 9.4 s (12.2 ms/note)
mendelssohn_op53_no1: 1220 notes, 15.2 s (12.5 ms/note)
mendelssohn_op53_no2: 1782 notes, 22.4 s (12.6 ms/note)
mendelssohn_op72_no2: 540 notes, 6.4 s (11.8 ms/note)
merikanto_op33: 890 notes, 10.9 s (12.2 ms/note)
mozart_k1: 662 notes, 7.9 s (12.0 ms/note)
mozart_k3: 231 notes, 2.4 s (10.4 ms/note)
pianocore_Bach__Carl_Philipp_Emanuel_4_Pieces_for_Anna_Magdalena_Bach__H.1_1._March__D_major__BWV_Anh.122_: 434 notes, 5.0 s (11.5 ms/note)
pianocore_Bach__Carl_Philipp_Emanuel_4_Pieces_for_Anna_Magdalena_Bach__H.1_3._March__G_major__BWV_Anh.124_: 500 notes, 5.9 s (11.7 ms/note)
pianocore_Bach__Carl_Philipp_Emanuel_Keyboard_Sonata_in_B_minor__H.245: 727 notes, 8.8 s (12.1 ms/note)
pianocore_Bach__Carl_Philipp_Emanuel_March_in_E_flat_major__H_deest: 716 notes, 8.7 s (12.1 ms/note)
pianocore_Bach__Johann_Sebastian_Notebook_for_Anna_Magdalena_Bach__Book_2__BWV_Anh.113-132_10._Polonaise_in_G_minor__BWV_Anh.119: 296 notes, 3.2 s (10.9 ms/note)
pianocore_Bach__Johann_Sebastian_Notebook_for_Anna_Magdalena_Bach__Book_2__BWV_Anh.113-132_15._Minuet_in_C_minor__BWV_Anh.121: 298 notes, 3.3 s (10.9 ms/note)
pianocore_Bartók__Béla_Romanian_Folk_Dances__Sz.56_3._Pe_loc: 276 notes, 3.0 s (10.7 ms/note)
pianocore_Boulanger__Lili_3_Morceaux_1._D_un_Vieux_Jardin._Expressif__C_sharp_minor_: 580 notes, 6.9 s (11.9 ms/note)
pianocore_Boulanger__Lili_3_Morceaux_3._Cortège._Pas_vite__B_major_: 909 notes, 11.2 s (12.3 ms/note)
pianocore_Debussy__Claude_2_Arabesques: 3000 notes, 38.1 s (12.7 ms/note)
pianocore_Elgar__Edward_Variations_on_an_Original_Theme__Enigma___Op.36_Variation_IX._Adagio__Nimrod_: 660 notes, 7.9 s (12.0 ms/note)
pianocore_Field__John_Nocturne_No.1_in_E_flat_major__H_24: 1158 notes, 14.4 s (12.4 ms/note)
pianocore_Glinka__Mikhail_Nocturne_in_E_flat_major: 1491 notes, 18.7 s (12.5 ms/note)
pianocore_Gossec__François_Joseph_Gavotte_in_D_major_pour_Mlle_Laure: 1038 notes, 12.9 s (12.4 ms/note)
pianocore_Handel__George_Frideric_Gavotte_in_G_major__HWV_491: 372 notes, 4.2 s (11.3 ms/note)
pianocore_Haydn__Joseph_12_Minuets__Hob.IX_8_12._Minuet_in_F_major: 406 notes, 4.6 s (11.4 ms/note)
pianocore_Haydn__Joseph_Flötenuhr_in_C_major__Hob.XIX_8: 1762 notes, 22.1 s (12.6 ms/note)
pianocore_Rameau__Jean-Philippe_Suite_in_E_minor__RCT_2_8._Tambourin: 567 notes, 6.7 s (11.9 ms/note)
pianocore_Ravel__Maurice_Le_Tombeau_de_Couperin__M.68: 3001 notes, 38.4 s (12.8 ms/note)
prokofiev_op22_no1: 232 notes, 2.4 s (10.5 ms/note)
prokofiev_op22_no11: 450 notes, 5.3 s (11.7 ms/note)
prokofiev_op22_no14: 1042 notes, 12.8 s (12.3 ms/note)
prokofiev_op22_no16: 304 notes, 3.3 s (10.9 ms/note)
prokofiev_op22_no17: 454 notes, 5.3 s (11.7 ms/note)
prokofiev_op22_no18: 337 notes, 3.8 s (11.1 ms/note)
prokofiev_op22_no20: 476 notes, 5.5 s (11.6 ms/note)
prokofiev_op22_no7: 522 notes, 6.1 s (11.7 ms/note)
prokofiev_op22_no8: 387 notes, 4.4 s (11.3 ms/note)
scarlatti_k213: 1065 notes, 13.1 s (12.3 ms/note)
scarlatti_k322: 1079 notes, 13.3 s (12.3 ms/note)
scarlatti_k54: 2348 notes, 29.8 s (12.7 ms/note)
scarlatti_k87: 1692 notes, 21.3 s (12.6 ms/note)
schumann_op133_no1: 478 notes, 5.6 s (11.7 ms/note)
schumann_op68_no14: 380 notes, 4.4 s (11.4 ms/note)
turina_op55_no5: 1273 notes, 16.0 s (12.6 ms/note)
gen: 65 new items in 931 s -> C:\Personal\pianolens\experiments\2026-10-05-R-10-h1b\job\outputs\gen\frozen_p95\fresh
